2026-06-10T07:44:32.757Z 757 INFO     [64619:MainThread:views.py:728] Dispatching 'POST' request to endpoint 'http://localhost:8983/solr/bigquery' for user 'anonymous'
2026-06-10T07:44:32.769Z 769 INFO     [64619:MainThread:views.py:736] Received response from endpoint 'http://localhost:8983/solr/bigquery' with status code '200'
2026-06-10T07:44:32.771Z 771 INFO     [64619:MainThread:views.py:728] Dispatching 'POST' request to endpoint 'http://localhost:8983/solr/bigquery' for user 'anonymous'
2026-06-10T07:44:32.776Z 776 INFO     [64619:MainThread:views.py:736] Received response from endpoint 'http://localhost:8983/solr/bigquery' with status code '200'
2026-06-10T07:44:32.777Z 777 INFO     [64619:MainThread:views.py:728] Dispatching 'POST' request to endpoint 'http://localhost:8983/solr/bigquery' for user 'anonymous'
2026-06-10T07:44:32.782Z 782 INFO     [64619:MainThread:views.py:736] Received response from endpoint 'http://localhost:8983/solr/bigquery' with status code '200'
2026-06-10T07:44:32.784Z 784 INFO     [64619:MainThread:views.py:728] Dispatching 'POST' request to endpoint 'http://localhost:8983/solr/bigquery' for user 'anonymous'
2026-06-10T07:44:32.788Z 788 INFO     [64619:MainThread:views.py:736] Received response from endpoint 'http://localhost:8983/solr/bigquery' with status code '200'
2026-06-10T07:44:32.790Z 790 INFO     [64619:MainThread:views.py:728] Dispatching 'POST' request to endpoint 'http://localhost:8983/solr/bigquery' for user 'anonymous'
2026-06-10T07:44:32.795Z 795 INFO     [64619:MainThread:views.py:736] Received response from endpoint 'http://localhost:8983/solr/bigquery' with status code '200'
2026-06-10T07:44:32.803Z 803 INFO     [64619:MainThread:views.py:81] Dispatching 'POST' request to endpoint 'http://bot-localhost:8983/solr/select' for user 'anonymous'
2026-06-10T07:44:32.807Z 807 INFO     [64619:MainThread:views.py:98] Received response from from endpoint 'http://bot-localhost:8983/solr/select' with status code '200'
2026-06-10T07:44:32.808Z 808 INFO     [64619:MainThread:views.py:81] Dispatching 'POST' request to endpoint 'http://localhost:8983/solr/select' for user 'anonymous'
2026-06-10T07:44:32.811Z 811 INFO     [64619:MainThread:views.py:98] Received response from from endpoint 'http://localhost:8983/solr/select' with status code '200'
2026-06-10T07:44:32.819Z 819 INFO     [64619:MainThread:views.py:81] Dispatching 'POST' request to endpoint 'http://localhost:8983/solr/select' for user 'anonymous'
2026-06-10T07:44:32.822Z 822 INFO     [64619:MainThread:views.py:98] Received response from from endpoint 'http://localhost:8983/solr/select' with status code '200'
2026-06-10T07:44:32.824Z 824 INFO     [64619:MainThread:views.py:81] Dispatching 'POST' request to endpoint 'http://localhost:8983/solr/select' for user 'anonymous'
2026-06-10T07:44:32.827Z 827 INFO     [64619:MainThread:views.py:98] Received response from from endpoint 'http://localhost:8983/solr/select' with status code '200'
2026-06-10T07:44:32.828Z 828 INFO     [64619:MainThread:views.py:81] Dispatching 'POST' request to endpoint 'http://localhost:8983/solr/select' for user 'anonymous'
2026-06-10T07:44:32.831Z 831 INFO     [64619:MainThread:views.py:98] Received response from from endpoint 'http://localhost:8983/solr/select' with status code '200'
2026-06-10T07:44:32.832Z 832 INFO     [64619:MainThread:views.py:81] Dispatching 'POST' request to endpoint 'http://localhost:8983/solr/select' for user 'anonymous'
2026-06-10T07:44:32.836Z 836 INFO     [64619:MainThread:views.py:98] Received response from from endpoint 'http://localhost:8983/solr/select' with status code '200'
2026-06-10T07:44:32.845Z 845 INFO     [64619:MainThread:views.py:81] Dispatching 'POST' request to endpoint 'http://localhost:8983/solr/select' for user 'anonymous'
2026-06-10T07:44:32.849Z 849 INFO     [64619:MainThread:views.py:98] Received response from from endpoint 'http://localhost:8983/solr/select' with status code '200'
2026-06-10T07:44:32.858Z 858 INFO     [64619:MainThread:views.py:81] Dispatching 'POST' request to endpoint 'http://localhost:8983/solr/select' for user 'anonymous'
2026-06-10T07:44:32.861Z 861 INFO     [64619:MainThread:views.py:98] Received response from from endpoint 'http://localhost:8983/solr/select' with status code '200'
2026-06-10T07:44:32.869Z 869 INFO     [64619:MainThread:views.py:728] Dispatching 'POST' request to endpoint 'http://localhost:8983/solr/bigquery' for user 'anonymous'
2026-06-10T07:44:32.869Z 869 INFO     [64619:MainThread:views.py:736] Received response from endpoint 'http://localhost:8983/solr/bigquery' with status code '200'
2026-06-10T07:44:32.870Z 870 INFO     [64619:MainThread:views.py:728] Dispatching 'POST' request to endpoint 'http://localhost:8983/solr/bigquery' for user 'anonymous'
2026-06-10T07:44:32.870Z 870 INFO     [64619:MainThread:views.py:736] Received response from endpoint 'http://localhost:8983/solr/bigquery' with status code '200'
2026-06-10T07:44:32.871Z 871 INFO     [64619:MainThread:views.py:728] Dispatching 'POST' request to endpoint 'http://localhost:8983/solr/bigquery' for user 'anonymous'
2026-06-10T07:44:32.872Z 872 INFO     [64619:MainThread:views.py:736] Received response from endpoint 'http://localhost:8983/solr/bigquery' with status code '200'
2026-06-10T07:44:32.874Z 874 INFO     [64619:MainThread:views.py:728] Dispatching 'POST' request to endpoint 'http://localhost:8983/solr/bigquery' for user 'anonymous'
2026-06-10T07:44:32.874Z 874 INFO     [64619:MainThread:views.py:736] Received response from endpoint 'http://localhost:8983/solr/bigquery' with status code '200'
2026-06-10T07:44:32.875Z 875 INFO     [64619:MainThread:views.py:81] Dispatching 'POST' request to endpoint 'http://localhost:8983/solr/bigquery' for user 'anonymous'
2026-06-10T07:44:32.875Z 875 INFO     [64619:MainThread:views.py:98] Received response from from endpoint 'http://localhost:8983/solr/bigquery' with status code '200'
2026-06-10T07:44:32.876Z 876 INFO     [64619:MainThread:views.py:81] Dispatching 'POST' request to endpoint 'http://localhost:8983/solr/bigquery' for user 'anonymous'
2026-06-10T07:44:32.876Z 876 INFO     [64619:MainThread:views.py:98] Received response from from endpoint 'http://localhost:8983/solr/bigquery' with status code '200'
2026-06-10T07:44:32.883Z 883 INFO     [64619:MainThread:views.py:81] Dispatching 'POST' request to endpoint 'http://localhost:8983/solr/qtree' for user 'anonymous'
2026-06-10T07:44:32.887Z 887 INFO     [64619:MainThread:views.py:98] Received response from from endpoint 'http://localhost:8983/solr/qtree' with status code '200'
2026-06-10T07:44:32.896Z 896 INFO     [64619:MainThread:views.py:81] Dispatching 'POST' request to endpoint 'http://localhost:8983/solr/select' for user 'anonymous'
2026-06-10T07:44:32.910Z 910 INFO     [64619:MainThread:views.py:98] Received response from from endpoint 'http://localhost:8983/solr/select' with status code '200'
2026-06-10T07:44:32.918Z 918 INFO     [64619:MainThread:views.py:81] Dispatching 'POST' request to endpoint 'http://localhost:8983/solr/select' for user 'anonymous'
2026-06-10T07:44:32.921Z 921 INFO     [64619:MainThread:views.py:98] Received response from from endpoint 'http://localhost:8983/solr/select' with status code '200'
2026-06-10T07:44:32.922Z 922 INFO     [64619:MainThread:views.py:81] Dispatching 'POST' request to endpoint 'http://localhost:8983/solr/select' for user 'anonymous'
2026-06-10T07:44:32.925Z 925 INFO     [64619:MainThread:views.py:98] Received response from from endpoint 'http://localhost:8983/solr/select' with status code '200'
2026-06-10T07:44:32.925Z 925 INFO     [64619:MainThread:views.py:81] Dispatching 'POST' request to endpoint 'http://localhost:8983/solr/select' for user 'anonymous'
2026-06-10T07:44:32.928Z 928 INFO     [64619:MainThread:views.py:98] Received response from from endpoint 'http://localhost:8983/solr/select' with status code '200'
2026-06-10T07:44:32.935Z 935 INFO     [64619:MainThread:views.py:81] Dispatching 'POST' request to endpoint 'http://localhost:8983/solr/tvrh' for user 'anonymous'
2026-06-10T07:44:32.938Z 938 INFO     [64619:MainThread:views.py:98] Received response from from endpoint 'http://localhost:8983/solr/tvrh' with status code '200'
2026-06-10T08:03:03.669Z 669 INFO     [69742:MainThread:views.py:728] Dispatching 'POST' request to endpoint 'http://localhost:8983/solr/bigquery' for user 'anonymous'
2026-06-10T08:03:03.679Z 679 INFO     [69742:MainThread:views.py:736] Received response from endpoint 'http://localhost:8983/solr/bigquery' with status code '200'
2026-06-10T08:03:03.681Z 681 INFO     [69742:MainThread:views.py:728] Dispatching 'POST' request to endpoint 'http://localhost:8983/solr/bigquery' for user 'anonymous'
2026-06-10T08:03:03.685Z 685 INFO     [69742:MainThread:views.py:736] Received response from endpoint 'http://localhost:8983/solr/bigquery' with status code '200'
2026-06-10T08:03:03.686Z 686 INFO     [69742:MainThread:views.py:728] Dispatching 'POST' request to endpoint 'http://localhost:8983/solr/bigquery' for user 'anonymous'
2026-06-10T08:03:03.689Z 689 INFO     [69742:MainThread:views.py:736] Received response from endpoint 'http://localhost:8983/solr/bigquery' with status code '200'
2026-06-10T08:03:03.691Z 691 INFO     [69742:MainThread:views.py:728] Dispatching 'POST' request to endpoint 'http://localhost:8983/solr/bigquery' for user 'anonymous'
2026-06-10T08:03:03.694Z 694 INFO     [69742:MainThread:views.py:736] Received response from endpoint 'http://localhost:8983/solr/bigquery' with status code '200'
2026-06-10T08:03:03.696Z 696 INFO     [69742:MainThread:views.py:728] Dispatching 'POST' request to endpoint 'http://localhost:8983/solr/bigquery' for user 'anonymous'
2026-06-10T08:03:03.699Z 699 INFO     [69742:MainThread:views.py:736] Received response from endpoint 'http://localhost:8983/solr/bigquery' with status code '200'
2026-06-10T08:03:03.707Z 707 INFO     [69742:MainThread:views.py:81] Dispatching 'POST' request to endpoint 'http://bot-localhost:8983/solr/select' for user 'anonymous'
2026-06-10T08:03:03.710Z 710 INFO     [69742:MainThread:views.py:98] Received response from from endpoint 'http://bot-localhost:8983/solr/select' with status code '200'
2026-06-10T08:03:03.711Z 711 INFO     [69742:MainThread:views.py:81] Dispatching 'POST' request to endpoint 'http://localhost:8983/solr/select' for user 'anonymous'
2026-06-10T08:03:03.714Z 714 INFO     [69742:MainThread:views.py:98] Received response from from endpoint 'http://localhost:8983/solr/select' with status code '200'
2026-06-10T08:03:03.721Z 721 INFO     [69742:MainThread:views.py:81] Dispatching 'POST' request to endpoint 'http://localhost:8983/solr/select' for user 'anonymous'
2026-06-10T08:03:03.725Z 725 INFO     [69742:MainThread:views.py:98] Received response from from endpoint 'http://localhost:8983/solr/select' with status code '200'
2026-06-10T08:03:03.727Z 727 INFO     [69742:MainThread:views.py:81] Dispatching 'POST' request to endpoint 'http://localhost:8983/solr/select' for user 'anonymous'
2026-06-10T08:03:03.730Z 730 INFO     [69742:MainThread:views.py:98] Received response from from endpoint 'http://localhost:8983/solr/select' with status code '200'
2026-06-10T08:03:03.731Z 731 INFO     [69742:MainThread:views.py:81] Dispatching 'POST' request to endpoint 'http://localhost:8983/solr/select' for user 'anonymous'
2026-06-10T08:03:03.734Z 734 INFO     [69742:MainThread:views.py:98] Received response from from endpoint 'http://localhost:8983/solr/select' with status code '200'
2026-06-10T08:03:03.735Z 735 INFO     [69742:MainThread:views.py:81] Dispatching 'POST' request to endpoint 'http://localhost:8983/solr/select' for user 'anonymous'
2026-06-10T08:03:03.738Z 738 INFO     [69742:MainThread:views.py:98] Received response from from endpoint 'http://localhost:8983/solr/select' with status code '200'
2026-06-10T08:03:03.747Z 747 INFO     [69742:MainThread:views.py:81] Dispatching 'POST' request to endpoint 'http://localhost:8983/solr/select' for user 'anonymous'
2026-06-10T08:03:03.750Z 750 INFO     [69742:MainThread:views.py:98] Received response from from endpoint 'http://localhost:8983/solr/select' with status code '200'
2026-06-10T08:03:03.760Z 760 INFO     [69742:MainThread:views.py:81] Dispatching 'POST' request to endpoint 'http://localhost:8983/solr/select' for user 'anonymous'
2026-06-10T08:03:03.763Z 763 INFO     [69742:MainThread:views.py:98] Received response from from endpoint 'http://localhost:8983/solr/select' with status code '200'
2026-06-10T08:03:03.771Z 771 INFO     [69742:MainThread:views.py:728] Dispatching 'POST' request to endpoint 'http://localhost:8983/solr/bigquery' for user 'anonymous'
2026-06-10T08:03:03.772Z 772 INFO     [69742:MainThread:views.py:736] Received response from endpoint 'http://localhost:8983/solr/bigquery' with status code '200'
2026-06-10T08:03:03.773Z 773 INFO     [69742:MainThread:views.py:728] Dispatching 'POST' request to endpoint 'http://localhost:8983/solr/bigquery' for user 'anonymous'
2026-06-10T08:03:03.773Z 773 INFO     [69742:MainThread:views.py:736] Received response from endpoint 'http://localhost:8983/solr/bigquery' with status code '200'
2026-06-10T08:03:03.774Z 774 INFO     [69742:MainThread:views.py:728] Dispatching 'POST' request to endpoint 'http://localhost:8983/solr/bigquery' for user 'anonymous'
2026-06-10T08:03:03.774Z 774 INFO     [69742:MainThread:views.py:736] Received response from endpoint 'http://localhost:8983/solr/bigquery' with status code '200'
2026-06-10T08:03:03.776Z 776 INFO     [69742:MainThread:views.py:728] Dispatching 'POST' request to endpoint 'http://localhost:8983/solr/bigquery' for user 'anonymous'
2026-06-10T08:03:03.776Z 776 INFO     [69742:MainThread:views.py:736] Received response from endpoint 'http://localhost:8983/solr/bigquery' with status code '200'
2026-06-10T08:03:03.777Z 777 INFO     [69742:MainThread:views.py:81] Dispatching 'POST' request to endpoint 'http://localhost:8983/solr/bigquery' for user 'anonymous'
2026-06-10T08:03:03.777Z 777 INFO     [69742:MainThread:views.py:98] Received response from from endpoint 'http://localhost:8983/solr/bigquery' with status code '200'
2026-06-10T08:03:03.779Z 779 INFO     [69742:MainThread:views.py:81] Dispatching 'POST' request to endpoint 'http://localhost:8983/solr/bigquery' for user 'anonymous'
2026-06-10T08:03:03.780Z 780 INFO     [69742:MainThread:views.py:98] Received response from from endpoint 'http://localhost:8983/solr/bigquery' with status code '200'
2026-06-10T08:03:03.787Z 787 INFO     [69742:MainThread:views.py:81] Dispatching 'POST' request to endpoint 'http://localhost:8983/solr/qtree' for user 'anonymous'
2026-06-10T08:03:03.790Z 790 INFO     [69742:MainThread:views.py:98] Received response from from endpoint 'http://localhost:8983/solr/qtree' with status code '200'
2026-06-10T08:03:03.799Z 799 INFO     [69742:MainThread:views.py:81] Dispatching 'POST' request to endpoint 'http://localhost:8983/solr/select' for user 'anonymous'
2026-06-10T08:03:03.802Z 802 INFO     [69742:MainThread:views.py:98] Received response from from endpoint 'http://localhost:8983/solr/select' with status code '200'
2026-06-10T08:03:03.809Z 809 INFO     [69742:MainThread:views.py:81] Dispatching 'POST' request to endpoint 'http://localhost:8983/solr/select' for user 'anonymous'
2026-06-10T08:03:03.812Z 812 INFO     [69742:MainThread:views.py:98] Received response from from endpoint 'http://localhost:8983/solr/select' with status code '200'
2026-06-10T08:03:03.812Z 812 INFO     [69742:MainThread:views.py:81] Dispatching 'POST' request to endpoint 'http://localhost:8983/solr/select' for user 'anonymous'
2026-06-10T08:03:03.815Z 815 INFO     [69742:MainThread:views.py:98] Received response from from endpoint 'http://localhost:8983/solr/select' with status code '200'
2026-06-10T08:03:03.816Z 816 INFO     [69742:MainThread:views.py:81] Dispatching 'POST' request to endpoint 'http://localhost:8983/solr/select' for user 'anonymous'
2026-06-10T08:03:03.819Z 819 INFO     [69742:MainThread:views.py:98] Received response from from endpoint 'http://localhost:8983/solr/select' with status code '200'
2026-06-10T08:03:03.826Z 826 INFO     [69742:MainThread:views.py:81] Dispatching 'POST' request to endpoint 'http://localhost:8983/solr/tvrh' for user 'anonymous'
2026-06-10T08:03:03.829Z 829 INFO     [69742:MainThread:views.py:98] Received response from from endpoint 'http://localhost:8983/solr/tvrh' with status code '200'
2026-06-10T08:06:06.665Z 665 INFO     [71010:MainThread:views.py:672] Dispatching 'POST' request to endpoint 'http://localhost:8983/solr/bigquery' for user 'anonymous'
2026-06-10T08:06:06.676Z 676 INFO     [71010:MainThread:views.py:680] Received response from endpoint 'http://localhost:8983/solr/bigquery' with status code '200'
2026-06-10T08:06:06.678Z 678 INFO     [71010:MainThread:views.py:672] Dispatching 'POST' request to endpoint 'http://localhost:8983/solr/bigquery' for user 'anonymous'
2026-06-10T08:06:06.682Z 682 INFO     [71010:MainThread:views.py:680] Received response from endpoint 'http://localhost:8983/solr/bigquery' with status code '200'
2026-06-10T08:06:06.683Z 683 INFO     [71010:MainThread:views.py:672] Dispatching 'POST' request to endpoint 'http://localhost:8983/solr/bigquery' for user 'anonymous'
2026-06-10T08:06:06.687Z 687 INFO     [71010:MainThread:views.py:680] Received response from endpoint 'http://localhost:8983/solr/bigquery' with status code '200'
2026-06-10T08:06:06.689Z 689 INFO     [71010:MainThread:views.py:672] Dispatching 'POST' request to endpoint 'http://localhost:8983/solr/bigquery' for user 'anonymous'
2026-06-10T08:06:06.693Z 693 INFO     [71010:MainThread:views.py:680] Received response from endpoint 'http://localhost:8983/solr/bigquery' with status code '200'
2026-06-10T08:06:06.695Z 695 INFO     [71010:MainThread:views.py:672] Dispatching 'POST' request to endpoint 'http://localhost:8983/solr/bigquery' for user 'anonymous'
2026-06-10T08:06:06.699Z 699 INFO     [71010:MainThread:views.py:680] Received response from endpoint 'http://localhost:8983/solr/bigquery' with status code '200'
2026-06-10T08:06:06.708Z 708 INFO     [71010:MainThread:views.py:83] Dispatching 'POST' request to endpoint 'http://bot-localhost:8983/solr/select' for user 'anonymous'
2026-06-10T08:06:06.712Z 712 INFO     [71010:MainThread:views.py:100] Received response from from endpoint 'http://bot-localhost:8983/solr/select' with status code '200'
2026-06-10T08:06:06.713Z 713 INFO     [71010:MainThread:views.py:83] Dispatching 'POST' request to endpoint 'http://localhost:8983/solr/select' for user 'anonymous'
2026-06-10T08:06:06.717Z 717 INFO     [71010:MainThread:views.py:100] Received response from from endpoint 'http://localhost:8983/solr/select' with status code '200'
2026-06-10T08:06:06.725Z 725 INFO     [71010:MainThread:views.py:83] Dispatching 'POST' request to endpoint 'http://localhost:8983/solr/select' for user 'anonymous'
2026-06-10T08:06:06.728Z 728 INFO     [71010:MainThread:views.py:100] Received response from from endpoint 'http://localhost:8983/solr/select' with status code '200'
2026-06-10T08:06:06.729Z 729 INFO     [71010:MainThread:views.py:83] Dispatching 'POST' request to endpoint 'http://localhost:8983/solr/select' for user 'anonymous'
2026-06-10T08:06:06.732Z 732 INFO     [71010:MainThread:views.py:100] Received response from from endpoint 'http://localhost:8983/solr/select' with status code '200'
2026-06-10T08:06:06.732Z 732 INFO     [71010:MainThread:views.py:83] Dispatching 'POST' request to endpoint 'http://localhost:8983/solr/select' for user 'anonymous'
2026-06-10T08:06:06.735Z 735 INFO     [71010:MainThread:views.py:100] Received response from from endpoint 'http://localhost:8983/solr/select' with status code '200'
2026-06-10T08:06:06.736Z 736 INFO     [71010:MainThread:views.py:83] Dispatching 'POST' request to endpoint 'http://localhost:8983/solr/select' for user 'anonymous'
2026-06-10T08:06:06.739Z 739 INFO     [71010:MainThread:views.py:100] Received response from from endpoint 'http://localhost:8983/solr/select' with status code '200'
2026-06-10T08:06:06.747Z 747 INFO     [71010:MainThread:views.py:83] Dispatching 'POST' request to endpoint 'http://localhost:8983/solr/select' for user 'anonymous'
2026-06-10T08:06:06.750Z 750 INFO     [71010:MainThread:views.py:100] Received response from from endpoint 'http://localhost:8983/solr/select' with status code '200'
2026-06-10T08:06:06.758Z 758 INFO     [71010:MainThread:views.py:83] Dispatching 'POST' request to endpoint 'http://localhost:8983/solr/select' for user 'anonymous'
2026-06-10T08:06:06.762Z 762 INFO     [71010:MainThread:views.py:100] Received response from from endpoint 'http://localhost:8983/solr/select' with status code '200'
2026-06-10T08:06:06.770Z 770 INFO     [71010:MainThread:views.py:672] Dispatching 'POST' request to endpoint 'http://localhost:8983/solr/bigquery' for user 'anonymous'
2026-06-10T08:06:06.770Z 770 INFO     [71010:MainThread:views.py:680] Received response from endpoint 'http://localhost:8983/solr/bigquery' with status code '200'
2026-06-10T08:06:06.771Z 771 INFO     [71010:MainThread:views.py:672] Dispatching 'POST' request to endpoint 'http://localhost:8983/solr/bigquery' for user 'anonymous'
2026-06-10T08:06:06.771Z 771 INFO     [71010:MainThread:views.py:680] Received response from endpoint 'http://localhost:8983/solr/bigquery' with status code '200'
2026-06-10T08:06:06.772Z 772 INFO     [71010:MainThread:views.py:672] Dispatching 'POST' request to endpoint 'http://localhost:8983/solr/bigquery' for user 'anonymous'
2026-06-10T08:06:06.772Z 772 INFO     [71010:MainThread:views.py:680] Received response from endpoint 'http://localhost:8983/solr/bigquery' with status code '200'
2026-06-10T08:06:06.774Z 774 INFO     [71010:MainThread:views.py:672] Dispatching 'POST' request to endpoint 'http://localhost:8983/solr/bigquery' for user 'anonymous'
2026-06-10T08:06:06.774Z 774 INFO     [71010:MainThread:views.py:680] Received response from endpoint 'http://localhost:8983/solr/bigquery' with status code '200'
2026-06-10T08:06:06.775Z 775 INFO     [71010:MainThread:views.py:83] Dispatching 'POST' request to endpoint 'http://localhost:8983/solr/bigquery' for user 'anonymous'
2026-06-10T08:06:06.775Z 775 INFO     [71010:MainThread:views.py:100] Received response from from endpoint 'http://localhost:8983/solr/bigquery' with status code '200'
2026-06-10T08:06:06.778Z 778 INFO     [71010:MainThread:views.py:83] Dispatching 'POST' request to endpoint 'http://localhost:8983/solr/bigquery' for user 'anonymous'
2026-06-10T08:06:06.778Z 778 INFO     [71010:MainThread:views.py:100] Received response from from endpoint 'http://localhost:8983/solr/bigquery' with status code '200'
2026-06-10T08:06:06.786Z 786 INFO     [71010:MainThread:views.py:83] Dispatching 'POST' request to endpoint 'http://localhost:8983/solr/qtree' for user 'anonymous'
2026-06-10T08:06:06.789Z 789 INFO     [71010:MainThread:views.py:100] Received response from from endpoint 'http://localhost:8983/solr/qtree' with status code '200'
2026-06-10T08:06:06.797Z 797 INFO     [71010:MainThread:views.py:83] Dispatching 'POST' request to endpoint 'http://localhost:8983/solr/select' for user 'anonymous'
2026-06-10T08:06:06.801Z 801 INFO     [71010:MainThread:views.py:100] Received response from from endpoint 'http://localhost:8983/solr/select' with status code '200'
2026-06-10T08:06:06.809Z 809 INFO     [71010:MainThread:views.py:83] Dispatching 'POST' request to endpoint 'http://localhost:8983/solr/select' for user 'anonymous'
2026-06-10T08:06:06.812Z 812 INFO     [71010:MainThread:views.py:100] Received response from from endpoint 'http://localhost:8983/solr/select' with status code '200'
2026-06-10T08:06:06.813Z 813 INFO     [71010:MainThread:views.py:83] Dispatching 'POST' request to endpoint 'http://localhost:8983/solr/select' for user 'anonymous'
2026-06-10T08:06:06.816Z 816 INFO     [71010:MainThread:views.py:100] Received response from from endpoint 'http://localhost:8983/solr/select' with status code '200'
2026-06-10T08:06:06.817Z 817 INFO     [71010:MainThread:views.py:83] Dispatching 'POST' request to endpoint 'http://localhost:8983/solr/select' for user 'anonymous'
2026-06-10T08:06:06.821Z 821 INFO     [71010:MainThread:views.py:100] Received response from from endpoint 'http://localhost:8983/solr/select' with status code '200'
2026-06-10T08:06:06.829Z 829 INFO     [71010:MainThread:views.py:83] Dispatching 'POST' request to endpoint 'http://localhost:8983/solr/tvrh' for user 'anonymous'
2026-06-10T08:06:06.832Z 832 INFO     [71010:MainThread:views.py:100] Received response from from endpoint 'http://localhost:8983/solr/tvrh' with status code '200'
2026-06-10T08:08:39.159Z 159 INFO     [71891:MainThread:views.py:506] Dispatching 'POST' request to endpoint 'http://localhost:8983/solr/bigquery' for user 'anonymous'
2026-06-10T08:08:39.169Z 169 INFO     [71891:MainThread:views.py:514] Received response from endpoint 'http://localhost:8983/solr/bigquery' with status code '200'
2026-06-10T08:08:39.172Z 172 INFO     [71891:MainThread:views.py:506] Dispatching 'POST' request to endpoint 'http://localhost:8983/solr/bigquery' for user 'anonymous'
2026-06-10T08:08:39.175Z 175 INFO     [71891:MainThread:views.py:514] Received response from endpoint 'http://localhost:8983/solr/bigquery' with status code '200'
2026-06-10T08:08:39.176Z 176 INFO     [71891:MainThread:views.py:506] Dispatching 'POST' request to endpoint 'http://localhost:8983/solr/bigquery' for user 'anonymous'
2026-06-10T08:08:39.179Z 179 INFO     [71891:MainThread:views.py:514] Received response from endpoint 'http://localhost:8983/solr/bigquery' with status code '200'
2026-06-10T08:08:39.181Z 181 INFO     [71891:MainThread:views.py:506] Dispatching 'POST' request to endpoint 'http://localhost:8983/solr/bigquery' for user 'anonymous'
2026-06-10T08:08:39.184Z 184 INFO     [71891:MainThread:views.py:514] Received response from endpoint 'http://localhost:8983/solr/bigquery' with status code '200'
2026-06-10T08:08:39.186Z 186 INFO     [71891:MainThread:views.py:506] Dispatching 'POST' request to endpoint 'http://localhost:8983/solr/bigquery' for user 'anonymous'
2026-06-10T08:08:39.189Z 189 INFO     [71891:MainThread:views.py:514] Received response from endpoint 'http://localhost:8983/solr/bigquery' with status code '200'
2026-06-10T08:08:39.197Z 197 INFO     [71891:MainThread:views.py:81] Dispatching 'POST' request to endpoint 'http://bot-localhost:8983/solr/select' for user 'anonymous'
2026-06-10T08:08:39.201Z 201 INFO     [71891:MainThread:views.py:98] Received response from from endpoint 'http://bot-localhost:8983/solr/select' with status code '200'
2026-06-10T08:08:39.202Z 202 INFO     [71891:MainThread:views.py:81] Dispatching 'POST' request to endpoint 'http://localhost:8983/solr/select' for user 'anonymous'
2026-06-10T08:08:39.205Z 205 INFO     [71891:MainThread:views.py:98] Received response from from endpoint 'http://localhost:8983/solr/select' with status code '200'
2026-06-10T08:08:39.213Z 213 INFO     [71891:MainThread:views.py:81] Dispatching 'POST' request to endpoint 'http://localhost:8983/solr/select' for user 'anonymous'
2026-06-10T08:08:39.217Z 217 INFO     [71891:MainThread:views.py:98] Received response from from endpoint 'http://localhost:8983/solr/select' with status code '200'
2026-06-10T08:08:39.218Z 218 INFO     [71891:MainThread:views.py:81] Dispatching 'POST' request to endpoint 'http://localhost:8983/solr/select' for user 'anonymous'
2026-06-10T08:08:39.221Z 221 INFO     [71891:MainThread:views.py:98] Received response from from endpoint 'http://localhost:8983/solr/select' with status code '200'
2026-06-10T08:08:39.222Z 222 INFO     [71891:MainThread:views.py:81] Dispatching 'POST' request to endpoint 'http://localhost:8983/solr/select' for user 'anonymous'
2026-06-10T08:08:39.225Z 225 INFO     [71891:MainThread:views.py:98] Received response from from endpoint 'http://localhost:8983/solr/select' with status code '200'
2026-06-10T08:08:39.226Z 226 INFO     [71891:MainThread:views.py:81] Dispatching 'POST' request to endpoint 'http://localhost:8983/solr/select' for user 'anonymous'
2026-06-10T08:08:39.229Z 229 INFO     [71891:MainThread:views.py:98] Received response from from endpoint 'http://localhost:8983/solr/select' with status code '200'
2026-06-10T08:08:39.238Z 238 INFO     [71891:MainThread:views.py:81] Dispatching 'POST' request to endpoint 'http://localhost:8983/solr/select' for user 'anonymous'
2026-06-10T08:08:39.240Z 240 INFO     [71891:MainThread:views.py:98] Received response from from endpoint 'http://localhost:8983/solr/select' with status code '200'
2026-06-10T08:08:39.249Z 249 INFO     [71891:MainThread:views.py:81] Dispatching 'POST' request to endpoint 'http://localhost:8983/solr/select' for user 'anonymous'
2026-06-10T08:08:39.252Z 252 INFO     [71891:MainThread:views.py:98] Received response from from endpoint 'http://localhost:8983/solr/select' with status code '200'
2026-06-10T08:08:39.259Z 259 INFO     [71891:MainThread:views.py:506] Dispatching 'POST' request to endpoint 'http://localhost:8983/solr/bigquery' for user 'anonymous'
2026-06-10T08:08:39.259Z 259 INFO     [71891:MainThread:views.py:514] Received response from endpoint 'http://localhost:8983/solr/bigquery' with status code '200'
2026-06-10T08:08:39.260Z 260 INFO     [71891:MainThread:views.py:506] Dispatching 'POST' request to endpoint 'http://localhost:8983/solr/bigquery' for user 'anonymous'
2026-06-10T08:08:39.260Z 260 INFO     [71891:MainThread:views.py:514] Received response from endpoint 'http://localhost:8983/solr/bigquery' with status code '200'
2026-06-10T08:08:39.261Z 261 INFO     [71891:MainThread:views.py:506] Dispatching 'POST' request to endpoint 'http://localhost:8983/solr/bigquery' for user 'anonymous'
2026-06-10T08:08:39.261Z 261 INFO     [71891:MainThread:views.py:514] Received response from endpoint 'http://localhost:8983/solr/bigquery' with status code '200'
2026-06-10T08:08:39.263Z 263 INFO     [71891:MainThread:views.py:506] Dispatching 'POST' request to endpoint 'http://localhost:8983/solr/bigquery' for user 'anonymous'
2026-06-10T08:08:39.263Z 263 INFO     [71891:MainThread:views.py:514] Received response from endpoint 'http://localhost:8983/solr/bigquery' with status code '200'
2026-06-10T08:08:39.264Z 264 INFO     [71891:MainThread:views.py:81] Dispatching 'POST' request to endpoint 'http://localhost:8983/solr/bigquery' for user 'anonymous'
2026-06-10T08:08:39.264Z 264 INFO     [71891:MainThread:views.py:98] Received response from from endpoint 'http://localhost:8983/solr/bigquery' with status code '200'
2026-06-10T08:08:39.266Z 266 INFO     [71891:MainThread:views.py:81] Dispatching 'POST' request to endpoint 'http://localhost:8983/solr/bigquery' for user 'anonymous'
2026-06-10T08:08:39.266Z 266 INFO     [71891:MainThread:views.py:98] Received response from from endpoint 'http://localhost:8983/solr/bigquery' with status code '200'
2026-06-10T08:08:39.272Z 272 INFO     [71891:MainThread:views.py:81] Dispatching 'POST' request to endpoint 'http://localhost:8983/solr/qtree' for user 'anonymous'
2026-06-10T08:08:39.275Z 275 INFO     [71891:MainThread:views.py:98] Received response from from endpoint 'http://localhost:8983/solr/qtree' with status code '200'
2026-06-10T08:08:39.282Z 282 INFO     [71891:MainThread:views.py:81] Dispatching 'POST' request to endpoint 'http://localhost:8983/solr/select' for user 'anonymous'
2026-06-10T08:08:39.285Z 285 INFO     [71891:MainThread:views.py:98] Received response from from endpoint 'http://localhost:8983/solr/select' with status code '200'
2026-06-10T08:08:39.292Z 292 INFO     [71891:MainThread:views.py:81] Dispatching 'POST' request to endpoint 'http://localhost:8983/solr/select' for user 'anonymous'
2026-06-10T08:08:39.295Z 295 INFO     [71891:MainThread:views.py:98] Received response from from endpoint 'http://localhost:8983/solr/select' with status code '200'
2026-06-10T08:08:39.296Z 296 INFO     [71891:MainThread:views.py:81] Dispatching 'POST' request to endpoint 'http://localhost:8983/solr/select' for user 'anonymous'
2026-06-10T08:08:39.298Z 298 INFO     [71891:MainThread:views.py:98] Received response from from endpoint 'http://localhost:8983/solr/select' with status code '200'
2026-06-10T08:08:39.299Z 299 INFO     [71891:MainThread:views.py:81] Dispatching 'POST' request to endpoint 'http://localhost:8983/solr/select' for user 'anonymous'
2026-06-10T08:08:39.302Z 302 INFO     [71891:MainThread:views.py:98] Received response from from endpoint 'http://localhost:8983/solr/select' with status code '200'
2026-06-10T08:08:39.309Z 309 INFO     [71891:MainThread:views.py:81] Dispatching 'POST' request to endpoint 'http://localhost:8983/solr/tvrh' for user 'anonymous'
2026-06-10T08:08:39.312Z 312 INFO     [71891:MainThread:views.py:98] Received response from from endpoint 'http://localhost:8983/solr/tvrh' with status code '200'
2026-06-10T08:11:55.571Z 571 INFO     [72967:MainThread:views.py:419] Dispatching 'POST' request to endpoint 'http://localhost:8983/solr/bigquery' for user 'anonymous'
2026-06-10T08:11:55.580Z 580 INFO     [72967:MainThread:views.py:427] Received response from endpoint 'http://localhost:8983/solr/bigquery' with status code '200'
2026-06-10T08:11:55.582Z 582 INFO     [72967:MainThread:views.py:419] Dispatching 'POST' request to endpoint 'http://localhost:8983/solr/bigquery' for user 'anonymous'
2026-06-10T08:11:55.586Z 586 INFO     [72967:MainThread:views.py:427] Received response from endpoint 'http://localhost:8983/solr/bigquery' with status code '200'
2026-06-10T08:11:55.587Z 587 INFO     [72967:MainThread:views.py:419] Dispatching 'POST' request to endpoint 'http://localhost:8983/solr/bigquery' for user 'anonymous'
2026-06-10T08:11:55.590Z 590 INFO     [72967:MainThread:views.py:427] Received response from endpoint 'http://localhost:8983/solr/bigquery' with status code '200'
2026-06-10T08:11:55.592Z 592 INFO     [72967:MainThread:views.py:419] Dispatching 'POST' request to endpoint 'http://localhost:8983/solr/bigquery' for user 'anonymous'
2026-06-10T08:11:55.595Z 595 INFO     [72967:MainThread:views.py:427] Received response from endpoint 'http://localhost:8983/solr/bigquery' with status code '200'
2026-06-10T08:11:55.597Z 597 INFO     [72967:MainThread:views.py:419] Dispatching 'POST' request to endpoint 'http://localhost:8983/solr/bigquery' for user 'anonymous'
2026-06-10T08:11:55.601Z 601 INFO     [72967:MainThread:views.py:427] Received response from endpoint 'http://localhost:8983/solr/bigquery' with status code '200'
2026-06-10T08:11:55.610Z 610 INFO     [72967:MainThread:views.py:88] Dispatching 'POST' request to endpoint 'http://bot-localhost:8983/solr/select' for user 'anonymous'
2026-06-10T08:11:55.614Z 614 INFO     [72967:MainThread:views.py:105] Received response from from endpoint 'http://bot-localhost:8983/solr/select' with status code '200'
2026-06-10T08:11:55.615Z 615 INFO     [72967:MainThread:views.py:88] Dispatching 'POST' request to endpoint 'http://localhost:8983/solr/select' for user 'anonymous'
2026-06-10T08:11:55.619Z 619 INFO     [72967:MainThread:views.py:105] Received response from from endpoint 'http://localhost:8983/solr/select' with status code '200'
2026-06-10T08:11:55.627Z 627 INFO     [72967:MainThread:views.py:88] Dispatching 'POST' request to endpoint 'http://localhost:8983/solr/select' for user 'anonymous'
2026-06-10T08:11:55.631Z 631 INFO     [72967:MainThread:views.py:105] Received response from from endpoint 'http://localhost:8983/solr/select' with status code '200'
2026-06-10T08:11:55.632Z 632 INFO     [72967:MainThread:views.py:88] Dispatching 'POST' request to endpoint 'http://localhost:8983/solr/select' for user 'anonymous'
2026-06-10T08:11:55.636Z 636 INFO     [72967:MainThread:views.py:105] Received response from from endpoint 'http://localhost:8983/solr/select' with status code '200'
2026-06-10T08:11:55.637Z 637 INFO     [72967:MainThread:views.py:88] Dispatching 'POST' request to endpoint 'http://localhost:8983/solr/select' for user 'anonymous'
2026-06-10T08:11:55.640Z 640 INFO     [72967:MainThread:views.py:105] Received response from from endpoint 'http://localhost:8983/solr/select' with status code '200'
2026-06-10T08:11:55.641Z 641 INFO     [72967:MainThread:views.py:88] Dispatching 'POST' request to endpoint 'http://localhost:8983/solr/select' for user 'anonymous'
2026-06-10T08:11:55.645Z 645 INFO     [72967:MainThread:views.py:105] Received response from from endpoint 'http://localhost:8983/solr/select' with status code '200'
2026-06-10T08:11:55.655Z 655 INFO     [72967:MainThread:views.py:88] Dispatching 'POST' request to endpoint 'http://localhost:8983/solr/select' for user 'anonymous'
2026-06-10T08:11:55.659Z 659 INFO     [72967:MainThread:views.py:105] Received response from from endpoint 'http://localhost:8983/solr/select' with status code '200'
2026-06-10T08:11:55.669Z 669 INFO     [72967:MainThread:views.py:88] Dispatching 'POST' request to endpoint 'http://localhost:8983/solr/select' for user 'anonymous'
2026-06-10T08:11:55.672Z 672 INFO     [72967:MainThread:views.py:105] Received response from from endpoint 'http://localhost:8983/solr/select' with status code '200'
2026-06-10T08:11:55.680Z 680 INFO     [72967:MainThread:views.py:419] Dispatching 'POST' request to endpoint 'http://localhost:8983/solr/bigquery' for user 'anonymous'
2026-06-10T08:11:55.680Z 680 INFO     [72967:MainThread:views.py:427] Received response from endpoint 'http://localhost:8983/solr/bigquery' with status code '200'
2026-06-10T08:11:55.681Z 681 INFO     [72967:MainThread:views.py:419] Dispatching 'POST' request to endpoint 'http://localhost:8983/solr/bigquery' for user 'anonymous'
2026-06-10T08:11:55.682Z 682 INFO     [72967:MainThread:views.py:427] Received response from endpoint 'http://localhost:8983/solr/bigquery' with status code '200'
2026-06-10T08:11:55.682Z 682 INFO     [72967:MainThread:views.py:419] Dispatching 'POST' request to endpoint 'http://localhost:8983/solr/bigquery' for user 'anonymous'
2026-06-10T08:11:55.683Z 683 INFO     [72967:MainThread:views.py:427] Received response from endpoint 'http://localhost:8983/solr/bigquery' with status code '200'
2026-06-10T08:11:55.685Z 685 INFO     [72967:MainThread:views.py:419] Dispatching 'POST' request to endpoint 'http://localhost:8983/solr/bigquery' for user 'anonymous'
2026-06-10T08:11:55.685Z 685 INFO     [72967:MainThread:views.py:427] Received response from endpoint 'http://localhost:8983/solr/bigquery' with status code '200'
2026-06-10T08:11:55.686Z 686 INFO     [72967:MainThread:views.py:88] Dispatching 'POST' request to endpoint 'http://localhost:8983/solr/bigquery' for user 'anonymous'
2026-06-10T08:11:55.686Z 686 INFO     [72967:MainThread:views.py:105] Received response from from endpoint 'http://localhost:8983/solr/bigquery' with status code '200'
2026-06-10T08:11:55.689Z 689 INFO     [72967:MainThread:views.py:88] Dispatching 'POST' request to endpoint 'http://localhost:8983/solr/bigquery' for user 'anonymous'
2026-06-10T08:11:55.689Z 689 INFO     [72967:MainThread:views.py:105] Received response from from endpoint 'http://localhost:8983/solr/bigquery' with status code '200'
2026-06-10T08:11:55.697Z 697 INFO     [72967:MainThread:views.py:88] Dispatching 'POST' request to endpoint 'http://localhost:8983/solr/qtree' for user 'anonymous'
2026-06-10T08:11:55.700Z 700 INFO     [72967:MainThread:views.py:105] Received response from from endpoint 'http://localhost:8983/solr/qtree' with status code '200'
2026-06-10T08:11:55.708Z 708 INFO     [72967:MainThread:views.py:88] Dispatching 'POST' request to endpoint 'http://localhost:8983/solr/select' for user 'anonymous'
2026-06-10T08:11:55.712Z 712 INFO     [72967:MainThread:views.py:105] Received response from from endpoint 'http://localhost:8983/solr/select' with status code '200'
2026-06-10T08:11:55.719Z 719 INFO     [72967:MainThread:views.py:88] Dispatching 'POST' request to endpoint 'http://localhost:8983/solr/select' for user 'anonymous'
2026-06-10T08:11:55.723Z 723 INFO     [72967:MainThread:views.py:105] Received response from from endpoint 'http://localhost:8983/solr/select' with status code '200'
2026-06-10T08:11:55.723Z 723 INFO     [72967:MainThread:views.py:88] Dispatching 'POST' request to endpoint 'http://localhost:8983/solr/select' for user 'anonymous'
2026-06-10T08:11:55.726Z 726 INFO     [72967:MainThread:views.py:105] Received response from from endpoint 'http://localhost:8983/solr/select' with status code '200'
2026-06-10T08:11:55.727Z 727 INFO     [72967:MainThread:views.py:88] Dispatching 'POST' request to endpoint 'http://localhost:8983/solr/select' for user 'anonymous'
2026-06-10T08:11:55.730Z 730 INFO     [72967:MainThread:views.py:105] Received response from from endpoint 'http://localhost:8983/solr/select' with status code '200'
2026-06-10T08:11:55.737Z 737 INFO     [72967:MainThread:views.py:88] Dispatching 'POST' request to endpoint 'http://localhost:8983/solr/tvrh' for user 'anonymous'
2026-06-10T08:11:55.740Z 740 INFO     [72967:MainThread:views.py:105] Received response from from endpoint 'http://localhost:8983/solr/tvrh' with status code '200'
2026-06-10T08:16:20.579Z 579 INFO     [74172:MainThread:views.py:419] Dispatching 'POST' request to endpoint 'http://localhost:8983/solr/bigquery' for user 'anonymous'
2026-06-10T08:16:20.588Z 588 INFO     [74172:MainThread:views.py:427] Received response from endpoint 'http://localhost:8983/solr/bigquery' with status code '200'
2026-06-10T08:16:20.590Z 590 INFO     [74172:MainThread:views.py:419] Dispatching 'POST' request to endpoint 'http://localhost:8983/solr/bigquery' for user 'anonymous'
2026-06-10T08:16:20.594Z 594 INFO     [74172:MainThread:views.py:427] Received response from endpoint 'http://localhost:8983/solr/bigquery' with status code '200'
2026-06-10T08:16:20.595Z 595 INFO     [74172:MainThread:views.py:419] Dispatching 'POST' request to endpoint 'http://localhost:8983/solr/bigquery' for user 'anonymous'
2026-06-10T08:16:20.598Z 598 INFO     [74172:MainThread:views.py:427] Received response from endpoint 'http://localhost:8983/solr/bigquery' with status code '200'
2026-06-10T08:16:20.600Z 600 INFO     [74172:MainThread:views.py:419] Dispatching 'POST' request to endpoint 'http://localhost:8983/solr/bigquery' for user 'anonymous'
2026-06-10T08:16:20.603Z 603 INFO     [74172:MainThread:views.py:427] Received response from endpoint 'http://localhost:8983/solr/bigquery' with status code '200'
2026-06-10T08:16:20.605Z 605 INFO     [74172:MainThread:views.py:419] Dispatching 'POST' request to endpoint 'http://localhost:8983/solr/bigquery' for user 'anonymous'
2026-06-10T08:16:20.608Z 608 INFO     [74172:MainThread:views.py:427] Received response from endpoint 'http://localhost:8983/solr/bigquery' with status code '200'
2026-06-10T08:16:20.616Z 616 INFO     [74172:MainThread:views.py:88] Dispatching 'POST' request to endpoint 'http://bot-localhost:8983/solr/select' for user 'anonymous'
2026-06-10T08:16:20.620Z 620 INFO     [74172:MainThread:views.py:105] Received response from from endpoint 'http://bot-localhost:8983/solr/select' with status code '200'
2026-06-10T08:16:20.620Z 620 INFO     [74172:MainThread:views.py:88] Dispatching 'POST' request to endpoint 'http://localhost:8983/solr/select' for user 'anonymous'
2026-06-10T08:16:20.623Z 623 INFO     [74172:MainThread:views.py:105] Received response from from endpoint 'http://localhost:8983/solr/select' with status code '200'
2026-06-10T08:16:20.630Z 630 INFO     [74172:MainThread:views.py:88] Dispatching 'POST' request to endpoint 'http://localhost:8983/solr/select' for user 'anonymous'
2026-06-10T08:16:20.633Z 633 INFO     [74172:MainThread:views.py:105] Received response from from endpoint 'http://localhost:8983/solr/select' with status code '200'
2026-06-10T08:16:20.634Z 634 INFO     [74172:MainThread:views.py:88] Dispatching 'POST' request to endpoint 'http://localhost:8983/solr/select' for user 'anonymous'
2026-06-10T08:16:20.637Z 637 INFO     [74172:MainThread:views.py:105] Received response from from endpoint 'http://localhost:8983/solr/select' with status code '200'
2026-06-10T08:16:20.637Z 637 INFO     [74172:MainThread:views.py:88] Dispatching 'POST' request to endpoint 'http://localhost:8983/solr/select' for user 'anonymous'
2026-06-10T08:16:20.640Z 640 INFO     [74172:MainThread:views.py:105] Received response from from endpoint 'http://localhost:8983/solr/select' with status code '200'
2026-06-10T08:16:20.641Z 641 INFO     [74172:MainThread:views.py:88] Dispatching 'POST' request to endpoint 'http://localhost:8983/solr/select' for user 'anonymous'
2026-06-10T08:16:20.644Z 644 INFO     [74172:MainThread:views.py:105] Received response from from endpoint 'http://localhost:8983/solr/select' with status code '200'
2026-06-10T08:16:20.652Z 652 INFO     [74172:MainThread:views.py:88] Dispatching 'POST' request to endpoint 'http://localhost:8983/solr/select' for user 'anonymous'
2026-06-10T08:16:20.655Z 655 INFO     [74172:MainThread:views.py:105] Received response from from endpoint 'http://localhost:8983/solr/select' with status code '200'
2026-06-10T08:16:20.664Z 664 INFO     [74172:MainThread:views.py:88] Dispatching 'POST' request to endpoint 'http://localhost:8983/solr/select' for user 'anonymous'
2026-06-10T08:16:20.668Z 668 INFO     [74172:MainThread:views.py:105] Received response from from endpoint 'http://localhost:8983/solr/select' with status code '200'
2026-06-10T08:16:20.675Z 675 INFO     [74172:MainThread:views.py:419] Dispatching 'POST' request to endpoint 'http://localhost:8983/solr/bigquery' for user 'anonymous'
2026-06-10T08:16:20.675Z 675 INFO     [74172:MainThread:views.py:427] Received response from endpoint 'http://localhost:8983/solr/bigquery' with status code '200'
2026-06-10T08:16:20.676Z 676 INFO     [74172:MainThread:views.py:419] Dispatching 'POST' request to endpoint 'http://localhost:8983/solr/bigquery' for user 'anonymous'
2026-06-10T08:16:20.677Z 677 INFO     [74172:MainThread:views.py:427] Received response from endpoint 'http://localhost:8983/solr/bigquery' with status code '200'
2026-06-10T08:16:20.678Z 678 INFO     [74172:MainThread:views.py:419] Dispatching 'POST' request to endpoint 'http://localhost:8983/solr/bigquery' for user 'anonymous'
2026-06-10T08:16:20.678Z 678 INFO     [74172:MainThread:views.py:427] Received response from endpoint 'http://localhost:8983/solr/bigquery' with status code '200'
2026-06-10T08:16:20.680Z 680 INFO     [74172:MainThread:views.py:419] Dispatching 'POST' request to endpoint 'http://localhost:8983/solr/bigquery' for user 'anonymous'
2026-06-10T08:16:20.680Z 680 INFO     [74172:MainThread:views.py:427] Received response from endpoint 'http://localhost:8983/solr/bigquery' with status code '200'
2026-06-10T08:16:20.681Z 681 INFO     [74172:MainThread:views.py:88] Dispatching 'POST' request to endpoint 'http://localhost:8983/solr/bigquery' for user 'anonymous'
2026-06-10T08:16:20.681Z 681 INFO     [74172:MainThread:views.py:105] Received response from from endpoint 'http://localhost:8983/solr/bigquery' with status code '200'
2026-06-10T08:16:20.683Z 683 INFO     [74172:MainThread:views.py:88] Dispatching 'POST' request to endpoint 'http://localhost:8983/solr/bigquery' for user 'anonymous'
2026-06-10T08:16:20.684Z 684 INFO     [74172:MainThread:views.py:105] Received response from from endpoint 'http://localhost:8983/solr/bigquery' with status code '200'
2026-06-10T08:16:20.692Z 692 INFO     [74172:MainThread:views.py:88] Dispatching 'POST' request to endpoint 'http://localhost:8983/solr/qtree' for user 'anonymous'
2026-06-10T08:16:20.696Z 696 INFO     [74172:MainThread:views.py:105] Received response from from endpoint 'http://localhost:8983/solr/qtree' with status code '200'
2026-06-10T08:16:20.705Z 705 INFO     [74172:MainThread:views.py:88] Dispatching 'POST' request to endpoint 'http://localhost:8983/solr/select' for user 'anonymous'
2026-06-10T08:16:20.709Z 709 INFO     [74172:MainThread:views.py:105] Received response from from endpoint 'http://localhost:8983/solr/select' with status code '200'
2026-06-10T08:16:20.717Z 717 INFO     [74172:MainThread:views.py:88] Dispatching 'POST' request to endpoint 'http://localhost:8983/solr/select' for user 'anonymous'
2026-06-10T08:16:20.721Z 721 INFO     [74172:MainThread:views.py:105] Received response from from endpoint 'http://localhost:8983/solr/select' with status code '200'
2026-06-10T08:16:20.722Z 722 INFO     [74172:MainThread:views.py:88] Dispatching 'POST' request to endpoint 'http://localhost:8983/solr/select' for user 'anonymous'
2026-06-10T08:16:20.725Z 725 INFO     [74172:MainThread:views.py:105] Received response from from endpoint 'http://localhost:8983/solr/select' with status code '200'
2026-06-10T08:16:20.726Z 726 INFO     [74172:MainThread:views.py:88] Dispatching 'POST' request to endpoint 'http://localhost:8983/solr/select' for user 'anonymous'
2026-06-10T08:16:20.730Z 730 INFO     [74172:MainThread:views.py:105] Received response from from endpoint 'http://localhost:8983/solr/select' with status code '200'
2026-06-10T08:16:20.738Z 738 INFO     [74172:MainThread:views.py:88] Dispatching 'POST' request to endpoint 'http://localhost:8983/solr/tvrh' for user 'anonymous'
2026-06-10T08:16:20.742Z 742 INFO     [74172:MainThread:views.py:105] Received response from from endpoint 'http://localhost:8983/solr/tvrh' with status code '200'
2026-06-10T08:16:56.257Z 257 INFO     [74338:MainThread:views.py:419] Dispatching 'POST' request to endpoint 'http://localhost:8983/solr/bigquery' for user 'anonymous'
2026-06-10T08:16:56.267Z 267 INFO     [74338:MainThread:views.py:427] Received response from endpoint 'http://localhost:8983/solr/bigquery' with status code '200'
2026-06-10T08:16:56.269Z 269 INFO     [74338:MainThread:views.py:419] Dispatching 'POST' request to endpoint 'http://localhost:8983/solr/bigquery' for user 'anonymous'
2026-06-10T08:16:56.273Z 273 INFO     [74338:MainThread:views.py:427] Received response from endpoint 'http://localhost:8983/solr/bigquery' with status code '200'
2026-06-10T08:16:56.274Z 274 INFO     [74338:MainThread:views.py:419] Dispatching 'POST' request to endpoint 'http://localhost:8983/solr/bigquery' for user 'anonymous'
2026-06-10T08:16:56.277Z 277 INFO     [74338:MainThread:views.py:427] Received response from endpoint 'http://localhost:8983/solr/bigquery' with status code '200'
2026-06-10T08:16:56.279Z 279 INFO     [74338:MainThread:views.py:419] Dispatching 'POST' request to endpoint 'http://localhost:8983/solr/bigquery' for user 'anonymous'
2026-06-10T08:16:56.283Z 283 INFO     [74338:MainThread:views.py:427] Received response from endpoint 'http://localhost:8983/solr/bigquery' with status code '200'
2026-06-10T08:16:56.285Z 285 INFO     [74338:MainThread:views.py:419] Dispatching 'POST' request to endpoint 'http://localhost:8983/solr/bigquery' for user 'anonymous'
2026-06-10T08:16:56.288Z 288 INFO     [74338:MainThread:views.py:427] Received response from endpoint 'http://localhost:8983/solr/bigquery' with status code '200'
2026-06-10T08:16:56.297Z 297 INFO     [74338:MainThread:views.py:88] Dispatching 'POST' request to endpoint 'http://bot-localhost:8983/solr/select' for user 'anonymous'
2026-06-10T08:16:56.300Z 300 INFO     [74338:MainThread:views.py:105] Received response from from endpoint 'http://bot-localhost:8983/solr/select' with status code '200'
2026-06-10T08:16:56.301Z 301 INFO     [74338:MainThread:views.py:88] Dispatching 'POST' request to endpoint 'http://localhost:8983/solr/select' for user 'anonymous'
2026-06-10T08:16:56.304Z 304 INFO     [74338:MainThread:views.py:105] Received response from from endpoint 'http://localhost:8983/solr/select' with status code '200'
2026-06-10T08:16:56.311Z 311 INFO     [74338:MainThread:views.py:88] Dispatching 'POST' request to endpoint 'http://localhost:8983/solr/select' for user 'anonymous'
2026-06-10T08:16:56.314Z 314 INFO     [74338:MainThread:views.py:105] Received response from from endpoint 'http://localhost:8983/solr/select' with status code '200'
2026-06-10T08:16:56.315Z 315 INFO     [74338:MainThread:views.py:88] Dispatching 'POST' request to endpoint 'http://localhost:8983/solr/select' for user 'anonymous'
2026-06-10T08:16:56.318Z 318 INFO     [74338:MainThread:views.py:105] Received response from from endpoint 'http://localhost:8983/solr/select' with status code '200'
2026-06-10T08:16:56.319Z 319 INFO     [74338:MainThread:views.py:88] Dispatching 'POST' request to endpoint 'http://localhost:8983/solr/select' for user 'anonymous'
2026-06-10T08:16:56.322Z 322 INFO     [74338:MainThread:views.py:105] Received response from from endpoint 'http://localhost:8983/solr/select' with status code '200'
2026-06-10T08:16:56.323Z 323 INFO     [74338:MainThread:views.py:88] Dispatching 'POST' request to endpoint 'http://localhost:8983/solr/select' for user 'anonymous'
2026-06-10T08:16:56.327Z 327 INFO     [74338:MainThread:views.py:105] Received response from from endpoint 'http://localhost:8983/solr/select' with status code '200'
2026-06-10T08:16:56.337Z 337 INFO     [74338:MainThread:views.py:88] Dispatching 'POST' request to endpoint 'http://localhost:8983/solr/select' for user 'anonymous'
2026-06-10T08:16:56.340Z 340 INFO     [74338:MainThread:views.py:105] Received response from from endpoint 'http://localhost:8983/solr/select' with status code '200'
2026-06-10T08:16:56.350Z 350 INFO     [74338:MainThread:views.py:88] Dispatching 'POST' request to endpoint 'http://localhost:8983/solr/select' for user 'anonymous'
2026-06-10T08:16:56.354Z 354 INFO     [74338:MainThread:views.py:105] Received response from from endpoint 'http://localhost:8983/solr/select' with status code '200'
2026-06-10T08:16:56.362Z 362 INFO     [74338:MainThread:views.py:419] Dispatching 'POST' request to endpoint 'http://localhost:8983/solr/bigquery' for user 'anonymous'
2026-06-10T08:16:56.362Z 362 INFO     [74338:MainThread:views.py:427] Received response from endpoint 'http://localhost:8983/solr/bigquery' with status code '200'
2026-06-10T08:16:56.363Z 363 INFO     [74338:MainThread:views.py:419] Dispatching 'POST' request to endpoint 'http://localhost:8983/solr/bigquery' for user 'anonymous'
2026-06-10T08:16:56.363Z 363 INFO     [74338:MainThread:views.py:427] Received response from endpoint 'http://localhost:8983/solr/bigquery' with status code '200'
2026-06-10T08:16:56.364Z 364 INFO     [74338:MainThread:views.py:419] Dispatching 'POST' request to endpoint 'http://localhost:8983/solr/bigquery' for user 'anonymous'
2026-06-10T08:16:56.364Z 364 INFO     [74338:MainThread:views.py:427] Received response from endpoint 'http://localhost:8983/solr/bigquery' with status code '200'
2026-06-10T08:16:56.366Z 366 INFO     [74338:MainThread:views.py:419] Dispatching 'POST' request to endpoint 'http://localhost:8983/solr/bigquery' for user 'anonymous'
2026-06-10T08:16:56.367Z 367 INFO     [74338:MainThread:views.py:427] Received response from endpoint 'http://localhost:8983/solr/bigquery' with status code '200'
2026-06-10T08:16:56.368Z 368 INFO     [74338:MainThread:views.py:88] Dispatching 'POST' request to endpoint 'http://localhost:8983/solr/bigquery' for user 'anonymous'
2026-06-10T08:16:56.368Z 368 INFO     [74338:MainThread:views.py:105] Received response from from endpoint 'http://localhost:8983/solr/bigquery' with status code '200'
2026-06-10T08:16:56.369Z 369 INFO     [74338:MainThread:views.py:88] Dispatching 'POST' request to endpoint 'http://localhost:8983/solr/bigquery' for user 'anonymous'
2026-06-10T08:16:56.369Z 369 INFO     [74338:MainThread:views.py:105] Received response from from endpoint 'http://localhost:8983/solr/bigquery' with status code '200'
2026-06-10T08:16:56.377Z 377 INFO     [74338:MainThread:views.py:88] Dispatching 'POST' request to endpoint 'http://localhost:8983/solr/qtree' for user 'anonymous'
2026-06-10T08:16:56.380Z 380 INFO     [74338:MainThread:views.py:105] Received response from from endpoint 'http://localhost:8983/solr/qtree' with status code '200'
2026-06-10T08:16:56.388Z 388 INFO     [74338:MainThread:views.py:88] Dispatching 'POST' request to endpoint 'http://localhost:8983/solr/select' for user 'anonymous'
2026-06-10T08:16:56.392Z 392 INFO     [74338:MainThread:views.py:105] Received response from from endpoint 'http://localhost:8983/solr/select' with status code '200'
2026-06-10T08:16:56.399Z 399 INFO     [74338:MainThread:views.py:88] Dispatching 'POST' request to endpoint 'http://localhost:8983/solr/select' for user 'anonymous'
2026-06-10T08:16:56.402Z 402 INFO     [74338:MainThread:views.py:105] Received response from from endpoint 'http://localhost:8983/solr/select' with status code '200'
2026-06-10T08:16:56.403Z 403 INFO     [74338:MainThread:views.py:88] Dispatching 'POST' request to endpoint 'http://localhost:8983/solr/select' for user 'anonymous'
2026-06-10T08:16:56.407Z 407 INFO     [74338:MainThread:views.py:105] Received response from from endpoint 'http://localhost:8983/solr/select' with status code '200'
2026-06-10T08:16:56.407Z 407 INFO     [74338:MainThread:views.py:88] Dispatching 'POST' request to endpoint 'http://localhost:8983/solr/select' for user 'anonymous'
2026-06-10T08:16:56.411Z 411 INFO     [74338:MainThread:views.py:105] Received response from from endpoint 'http://localhost:8983/solr/select' with status code '200'
2026-06-10T08:16:56.418Z 418 INFO     [74338:MainThread:views.py:88] Dispatching 'POST' request to endpoint 'http://localhost:8983/solr/tvrh' for user 'anonymous'
2026-06-10T08:16:56.421Z 421 INFO     [74338:MainThread:views.py:105] Received response from from endpoint 'http://localhost:8983/solr/tvrh' with status code '200'
2026-06-10T08:17:03.714Z 714 INFO     [74392:MainThread:views.py:419] Dispatching 'POST' request to endpoint 'http://localhost:8983/solr/bigquery' for user 'anonymous'
2026-06-10T08:17:03.723Z 723 INFO     [74392:MainThread:views.py:427] Received response from endpoint 'http://localhost:8983/solr/bigquery' with status code '200'
2026-06-10T08:17:03.726Z 726 INFO     [74392:MainThread:views.py:419] Dispatching 'POST' request to endpoint 'http://localhost:8983/solr/bigquery' for user 'anonymous'
2026-06-10T08:17:03.730Z 730 INFO     [74392:MainThread:views.py:427] Received response from endpoint 'http://localhost:8983/solr/bigquery' with status code '200'
2026-06-10T08:17:03.731Z 731 INFO     [74392:MainThread:views.py:419] Dispatching 'POST' request to endpoint 'http://localhost:8983/solr/bigquery' for user 'anonymous'
2026-06-10T08:17:03.734Z 734 INFO     [74392:MainThread:views.py:427] Received response from endpoint 'http://localhost:8983/solr/bigquery' with status code '200'
2026-06-10T08:17:03.736Z 736 INFO     [74392:MainThread:views.py:419] Dispatching 'POST' request to endpoint 'http://localhost:8983/solr/bigquery' for user 'anonymous'
2026-06-10T08:17:03.741Z 741 INFO     [74392:MainThread:views.py:427] Received response from endpoint 'http://localhost:8983/solr/bigquery' with status code '200'
2026-06-10T08:17:03.743Z 743 INFO     [74392:MainThread:views.py:419] Dispatching 'POST' request to endpoint 'http://localhost:8983/solr/bigquery' for user 'anonymous'
2026-06-10T08:17:03.747Z 747 INFO     [74392:MainThread:views.py:427] Received response from endpoint 'http://localhost:8983/solr/bigquery' with status code '200'
2026-06-10T08:17:03.755Z 755 INFO     [74392:MainThread:views.py:88] Dispatching 'POST' request to endpoint 'http://bot-localhost:8983/solr/select' for user 'anonymous'
2026-06-10T08:17:03.759Z 759 INFO     [74392:MainThread:views.py:105] Received response from from endpoint 'http://bot-localhost:8983/solr/select' with status code '200'
2026-06-10T08:17:03.760Z 760 INFO     [74392:MainThread:views.py:88] Dispatching 'POST' request to endpoint 'http://localhost:8983/solr/select' for user 'anonymous'
2026-06-10T08:17:03.763Z 763 INFO     [74392:MainThread:views.py:105] Received response from from endpoint 'http://localhost:8983/solr/select' with status code '200'
2026-06-10T08:17:03.770Z 770 INFO     [74392:MainThread:views.py:88] Dispatching 'POST' request to endpoint 'http://localhost:8983/solr/select' for user 'anonymous'
2026-06-10T08:17:03.773Z 773 INFO     [74392:MainThread:views.py:105] Received response from from endpoint 'http://localhost:8983/solr/select' with status code '200'
2026-06-10T08:17:03.774Z 774 INFO     [74392:MainThread:views.py:88] Dispatching 'POST' request to endpoint 'http://localhost:8983/solr/select' for user 'anonymous'
2026-06-10T08:17:03.777Z 777 INFO     [74392:MainThread:views.py:105] Received response from from endpoint 'http://localhost:8983/solr/select' with status code '200'
2026-06-10T08:17:03.778Z 778 INFO     [74392:MainThread:views.py:88] Dispatching 'POST' request to endpoint 'http://localhost:8983/solr/select' for user 'anonymous'
2026-06-10T08:17:03.782Z 782 INFO     [74392:MainThread:views.py:105] Received response from from endpoint 'http://localhost:8983/solr/select' with status code '200'
2026-06-10T08:17:03.782Z 782 INFO     [74392:MainThread:views.py:88] Dispatching 'POST' request to endpoint 'http://localhost:8983/solr/select' for user 'anonymous'
2026-06-10T08:17:03.786Z 786 INFO     [74392:MainThread:views.py:105] Received response from from endpoint 'http://localhost:8983/solr/select' with status code '200'
2026-06-10T08:17:03.795Z 795 INFO     [74392:MainThread:views.py:88] Dispatching 'POST' request to endpoint 'http://localhost:8983/solr/select' for user 'anonymous'
2026-06-10T08:17:03.799Z 799 INFO     [74392:MainThread:views.py:105] Received response from from endpoint 'http://localhost:8983/solr/select' with status code '200'
2026-06-10T08:17:03.810Z 810 INFO     [74392:MainThread:views.py:88] Dispatching 'POST' request to endpoint 'http://localhost:8983/solr/select' for user 'anonymous'
2026-06-10T08:17:03.813Z 813 INFO     [74392:MainThread:views.py:105] Received response from from endpoint 'http://localhost:8983/solr/select' with status code '200'
2026-06-10T08:17:03.821Z 821 INFO     [74392:MainThread:views.py:419] Dispatching 'POST' request to endpoint 'http://localhost:8983/solr/bigquery' for user 'anonymous'
2026-06-10T08:17:03.821Z 821 INFO     [74392:MainThread:views.py:427] Received response from endpoint 'http://localhost:8983/solr/bigquery' with status code '200'
2026-06-10T08:17:03.822Z 822 INFO     [74392:MainThread:views.py:419] Dispatching 'POST' request to endpoint 'http://localhost:8983/solr/bigquery' for user 'anonymous'
2026-06-10T08:17:03.822Z 822 INFO     [74392:MainThread:views.py:427] Received response from endpoint 'http://localhost:8983/solr/bigquery' with status code '200'
2026-06-10T08:17:03.823Z 823 INFO     [74392:MainThread:views.py:419] Dispatching 'POST' request to endpoint 'http://localhost:8983/solr/bigquery' for user 'anonymous'
2026-06-10T08:17:03.823Z 823 INFO     [74392:MainThread:views.py:427] Received response from endpoint 'http://localhost:8983/solr/bigquery' with status code '200'
2026-06-10T08:17:03.825Z 825 INFO     [74392:MainThread:views.py:419] Dispatching 'POST' request to endpoint 'http://localhost:8983/solr/bigquery' for user 'anonymous'
2026-06-10T08:17:03.825Z 825 INFO     [74392:MainThread:views.py:427] Received response from endpoint 'http://localhost:8983/solr/bigquery' with status code '200'
2026-06-10T08:17:03.826Z 826 INFO     [74392:MainThread:views.py:88] Dispatching 'POST' request to endpoint 'http://localhost:8983/solr/bigquery' for user 'anonymous'
2026-06-10T08:17:03.826Z 826 INFO     [74392:MainThread:views.py:105] Received response from from endpoint 'http://localhost:8983/solr/bigquery' with status code '200'
2026-06-10T08:17:03.827Z 827 INFO     [74392:MainThread:views.py:88] Dispatching 'POST' request to endpoint 'http://localhost:8983/solr/bigquery' for user 'anonymous'
2026-06-10T08:17:03.827Z 827 INFO     [74392:MainThread:views.py:105] Received response from from endpoint 'http://localhost:8983/solr/bigquery' with status code '200'
2026-06-10T08:17:03.834Z 834 INFO     [74392:MainThread:views.py:88] Dispatching 'POST' request to endpoint 'http://localhost:8983/solr/qtree' for user 'anonymous'
2026-06-10T08:17:03.837Z 837 INFO     [74392:MainThread:views.py:105] Received response from from endpoint 'http://localhost:8983/solr/qtree' with status code '200'
2026-06-10T08:17:03.845Z 845 INFO     [74392:MainThread:views.py:88] Dispatching 'POST' request to endpoint 'http://localhost:8983/solr/select' for user 'anonymous'
2026-06-10T08:17:03.848Z 848 INFO     [74392:MainThread:views.py:105] Received response from from endpoint 'http://localhost:8983/solr/select' with status code '200'
2026-06-10T08:17:03.854Z 854 INFO     [74392:MainThread:views.py:88] Dispatching 'POST' request to endpoint 'http://localhost:8983/solr/select' for user 'anonymous'
2026-06-10T08:17:03.857Z 857 INFO     [74392:MainThread:views.py:105] Received response from from endpoint 'http://localhost:8983/solr/select' with status code '200'
2026-06-10T08:17:03.858Z 858 INFO     [74392:MainThread:views.py:88] Dispatching 'POST' request to endpoint 'http://localhost:8983/solr/select' for user 'anonymous'
2026-06-10T08:17:03.861Z 861 INFO     [74392:MainThread:views.py:105] Received response from from endpoint 'http://localhost:8983/solr/select' with status code '200'
2026-06-10T08:17:03.862Z 862 INFO     [74392:MainThread:views.py:88] Dispatching 'POST' request to endpoint 'http://localhost:8983/solr/select' for user 'anonymous'
2026-06-10T08:17:03.864Z 864 INFO     [74392:MainThread:views.py:105] Received response from from endpoint 'http://localhost:8983/solr/select' with status code '200'
2026-06-10T08:17:03.871Z 871 INFO     [74392:MainThread:views.py:88] Dispatching 'POST' request to endpoint 'http://localhost:8983/solr/tvrh' for user 'anonymous'
2026-06-10T08:17:03.874Z 874 INFO     [74392:MainThread:views.py:105] Received response from from endpoint 'http://localhost:8983/solr/tvrh' with status code '200'
